// Jest Snapshot v1, https://jestjs.io/docs/snapshot-testing

exports[`gcov parser parses gcov text content 1`] = `
{
  "details": [
    {
      "branches": {
        "covered": 0,
        "total": 0,
      },
      "file": "file.cpp",
      "lines": {
        "covered": 1,
        "total": 2,
      },
      "methods": {
        "covered": 1,
        "total": 1,
      },
      "statements": {
        "covered": 1,
        "total": 2,
      },
      "uncoveredLines": [
        2,
      ],
    },
  ],
  "overall": {
    "branches": {
      "covered": 0,
      "total": 0,
    },
    "lines": {
      "covered": 1,
      "total": 2,
    },
    "methods": {
      "covered": 1,
      "total": 1,
    },
    "statements": {
      "covered": 1,
      "total": 2,
    },
  },
}
`;
